192.168.140.14 - - [30/May/2022:09:59:52 +0900] "GET /na/reviewDetail.re?rno=413 HTTP/1.1" 200 20219
192.168.140.14 - - [30/May/2022:09:59:52 +0900] "GET /na/resources/upfiles/2022053001025568940.PNG HTTP/1.1" 200 430163
192.168.140.17 - - [30/May/2022:09:59:57 +0900] "POST /na/login.me HTTP/1.1" 200 555
0:0:0:0:0:0:0:1 - - [30/May/2022:09:59:59 +0900] "GET /na HTTP/1.1" 302 -
0:0:0:0:0:0:0:1 - - [30/May/2022:09:59:59 +0900] "GET /na/ HTTP/1.1" 200 16083
0:0:0:0:0:0:0:1 - - [30/May/2022:10:00:01 +0900] "GET /na/proList.pr?currentPage=1 HTTP/1.1" 200 32305
192.168.140.14 - - [30/May/2022:10:00:11 +0900] "GET /na/reviewlist.re?currentPage=2 HTTP/1.1" 200 28055
192.168.140.14 - - [30/May/2022:10:00:13 +0900] "GET /na/reviewlist.re?currentPage=1 HTTP/1.1" 200 27899
0:0:0:0:0:0:0:1 - - [30/May/2022:10:00:18 +0900] "GET /na/proList.pr?currentPage=1 HTTP/1.1" 200 32305
192.168.140.17 - - [30/May/2022:10:00:18 +0900] "POST /na/login.me HTTP/1.1" 200 555
0:0:0:0:0:0:0:1 - - [30/May/2022:10:00:22 +0900] "GET /na/proList.pr?currentPage=1 HTTP/1.1" 200 32305
0:0:0:0:0:0:0:1 - - [30/May/2022:10:00:26 +0900] "GET /na/proList.pr?currentPage=1 HTTP/1.1" 200 32305
0:0:0:0:0:0:0:1 - - [30/May/2022:10:00:29 +0900] "GET /na/proList.pr?currentPage=1 HTTP/1.1" 200 32305
192.168.140.17 - - [30/May/2022:10:00:29 +0900] "POST /na/login.me HTTP/1.1" 200 555
0:0:0:0:0:0:0:1 - - [30/May/2022:10:00:33 +0900] "GET /na/proList.pr?currentPage=1 HTTP/1.1" 200 32305
0:0:0:0:0:0:0:1 - - [30/May/2022:10:00:34 +0900] "GET /na/proList.pr?currentPage=1 HTTP/1.1" 200 32305
0:0:0:0:0:0:0:1 - - [30/May/2022:10:00:34 +0900] "GET /na/proList.pr?currentPage=1 HTTP/1.1" 200 32305
0:0:0:0:0:0:0:1 - - [30/May/2022:10:00:36 +0900] "GET /na/proList.pr?currentPage=1 HTTP/1.1" 200 32305
0:0:0:0:0:0:0:1 - - [30/May/2022:10:00:36 +0900] "GET /na/proList.pr?currentPage=1 HTTP/1.1" 200 32305
0:0:0:0:0:0:0:1 - - [30/May/2022:10:00:37 +0900] "GET /na/proList.pr?currentPage=1 HTTP/1.1" 200 32305
0:0:0:0:0:0:0:1 - - [30/May/2022:10:00:37 +0900] "GET /na/proList.pr?currentPage=1 HTTP/1.1" 200 32305
0:0:0:0:0:0:0:1 - - [30/May/2022:10:00:37 +0900] "GET /na/proList.pr?currentPage=1 HTTP/1.1" 200 8206
0:0:0:0:0:0:0:1 - - [30/May/2022:10:00:37 +0900] "GET /na/proList.pr?currentPage=1 HTTP/1.1" 200 32305
0:0:0:0:0:0:0:1 - - [30/May/2022:10:00:38 +0900] "GET /na/proList.pr?currentPage=1 HTTP/1.1" 200 32305
192.168.140.17 - - [30/May/2022:10:00:38 +0900] "POST /na/login.me HTTP/1.1" 302 -
192.168.140.17 - - [30/May/2022:10:00:38 +0900] "GET /na/proManageList.pr?currentPage=1 HTTP/1.1" 200 27312
0:0:0:0:0:0:0:1 - - [30/May/2022:10:00:38 +0900] "GET /na/proList.pr?currentPage=1 HTTP/1.1" 200 32305
0:0:0:0:0:0:0:1 - - [30/May/2022:10:00:38 +0900] "GET /na/proList.pr?currentPage=1 HTTP/1.1" 200 32305
0:0:0:0:0:0:0:1 - - [30/May/2022:10:00:38 +0900] "GET /na/proList.pr?currentPage=1 HTTP/1.1" 200 32305
0:0:0:0:0:0:0:1 - - [30/May/2022:10:00:38 +0900] "GET /na/proList.pr?currentPage=1 HTTP/1.1" 200 32305
192.168.140.17 - - [30/May/2022:10:00:40 +0900] "GET /na/noticelist.no?currentPage=1 HTTP/1.1" 200 26162
192.168.140.14 - - [30/May/2022:10:00:41 +0900] "GET /na/noticeList.no?currentPage=1 HTTP/1.1" 200 26060
192.168.140.5 - - [30/May/2022:10:00:45 +0900] "POST /na/login.me HTTP/1.1" 302 -
192.168.140.5 - - [30/May/2022:10:00:45 +0900] "GET /na/proManageList.pr?currentPage=1 HTTP/1.1" 200 27312
192.168.140.5 - - [30/May/2022:10:00:45 +0900] "GET /na/resources/upfiles/2022053000542880390.png HTTP/1.1" 200 28365
192.168.140.5 - - [30/May/2022:10:00:45 +0900] "GET /na/resources/image/%EA%B4%80%EB%A6%AC%EC%9E%90.png HTTP/1.1" 200 42492
192.168.140.5 - - [30/May/2022:10:00:45 +0900] "GET /na/resources/upfiles/2022052923495955697.png HTTP/1.1" 200 28365
192.168.140.17 - - [30/May/2022:10:00:45 +0900] "GET /na/adminlist.mg?currentPage=1 HTTP/1.1" 200 25691
192.168.140.5 - - [30/May/2022:10:00:46 +0900] "GET /na/resources/upfiles/2022052923481025901.png HTTP/1.1" 200 46118
192.168.140.5 - - [30/May/2022:10:00:46 +0900] "GET /na/resources/upfiles/2022052923491291683.png HTTP/1.1" 200 33783
192.168.140.5 - - [30/May/2022:10:00:46 +0900] "GET /na/resources/upfiles/2022052923520468949.png HTTP/1.1" 200 42181
192.168.140.17 - - [30/May/2022:10:00:48 +0900] "GET /na/adminDetail.mg?mno=114 HTTP/1.1" 200 22182
192.168.140.14 - - [30/May/2022:10:00:49 +0900] "GET /na/beforeLog.me HTTP/1.1" 200 27305
192.168.140.14 - - [30/May/2022:10:00:51 +0900] "GET /na/beforeLog.me HTTP/1.1" 200 27305
192.168.140.5 - - [30/May/2022:10:00:51 +0900] "GET /na/reviewadlist.re?currentPage=1 HTTP/1.1" 200 27476
192.168.140.17 - - [30/May/2022:10:00:53 +0900] "GET /na/updateform.mg?mno=114 HTTP/1.1" 200 22969
192.168.140.14 - - [30/May/2022:10:00:54 +0900] "GET /na HTTP/1.1" 302 -
192.168.140.14 - - [30/May/2022:10:00:55 +0900] "GET /na/ HTTP/1.1" 200 16083
192.168.140.5 - - [30/May/2022:10:00:56 +0900] "GET /na/reviewadlist.re?currentPage=1 HTTP/1.1" 200 27476
192.168.140.5 - - [30/May/2022:10:00:59 +0900] "GET /na/memManageList.me?currentPage=1 HTTP/1.1" 200 26841
192.168.140.17 - - [30/May/2022:10:01:00 +0900] "POST /na/update.mg HTTP/1.1" 302 -
192.168.140.17 - - [30/May/2022:10:01:00 +0900] "GET /na/adminDetail.mg?mno=114 HTTP/1.1" 200 22207
192.168.140.14 - - [30/May/2022:10:01:01 +0900] "GET /na/beforeLog.me HTTP/1.1" 200 27305
192.168.140.5 - - [30/May/2022:10:01:03 +0900] "GET /na/memManageList.me?currentPage=2 HTTP/1.1" 200 27018
0:0:0:0:0:0:0:1 - - [30/May/2022:10:01:04 +0900] "GET /na/list.mg?currentPage=1 HTTP/1.1" 200 26812
192.168.140.5 - - [30/May/2022:10:01:09 +0900] "GET /na/memManageList.me?currentPage=3 HTTP/1.1" 200 27009
192.168.140.5 - - [30/May/2022:10:01:11 +0900] "GET /na/memManageList.me?currentPage=4 HTTP/1.1" 200 27012
192.168.140.17 - - [30/May/2022:10:01:12 +0900] "POST /na/update.mg HTTP/1.1" 302 -
192.168.140.17 - - [30/May/2022:10:01:12 +0900] "GET /na/adminDetail.mg?mno=114 HTTP/1.1" 200 22207
192.168.140.5 - - [30/May/2022:10:01:13 +0900] "GET /na/memManageList.me?currentPage=6 HTTP/1.1" 200 27009
192.168.140.14 - - [30/May/2022:10:01:14 +0900] "POST /na/login.me HTTP/1.1" 302 -
192.168.140.14 - - [30/May/2022:10:01:14 +0900] "GET /na/proManageList.pr?currentPage=1 HTTP/1.1" 200 27312
192.168.140.5 - - [30/May/2022:10:01:14 +0900] "GET /na/memManageList.me?currentPage=8 HTTP/1.1" 200 27015
192.168.140.5 - - [30/May/2022:10:01:16 +0900] "GET /na/memManageList.me?currentPage=9 HTTP/1.1" 200 27009
192.168.140.5 - - [30/May/2022:10:01:17 +0900] "GET /na/memManageList.me?currentPage=10 HTTP/1.1" 200 27019
192.168.140.14 - - [30/May/2022:10:01:18 +0900] "GET /na/adminlist.mg?currentPage=1 HTTP/1.1" 200 25669
192.168.140.5 - - [30/May/2022:10:01:18 +0900] "GET /na/memManageList.me?currentPage=11 HTTP/1.1" 200 27049
192.168.140.5 - - [30/May/2022:10:01:19 +0900] "GET /na/memManageList.me?currentPage=18 HTTP/1.1" 200 27043
192.168.140.17 - - [30/May/2022:10:01:24 +0900] "GET /na/noticelist.no?currentPage=1 HTTP/1.1" 200 26162
0:0:0:0:0:0:0:1 - - [30/May/2022:10:01:32 +0900] "GET /na/list.mg?currentPage=1 HTTP/1.1" 200 26812
0:0:0:0:0:0:0:1 - - [30/May/2022:10:01:35 +0900] "GET /na/reviewlist.re?currentPage=1 HTTP/1.1" 200 27899
192.168.140.17 - - [30/May/2022:10:01:37 +0900] "GET /na/adminlist.mg?currentPage=1 HTTP/1.1" 200 25669
192.168.140.17 - - [30/May/2022:10:01:49 +0900] "GET /na/adminlist.mg?keyword=null&currentPage=2 HTTP/1.1" 200 25850
192.168.140.17 - - [30/May/2022:10:01:53 +0900] "GET /na/adminDetail.mg?mno=99 HTTP/1.1" 200 22181
192.168.140.17 - - [30/May/2022:10:01:56 +0900] "GET /na/updateform.mg?mno=99 HTTP/1.1" 200 22968
192.168.140.17 - - [30/May/2022:10:02:01 +0900] "POST /na/update.mg HTTP/1.1" 302 -
192.168.140.17 - - [30/May/2022:10:02:01 +0900] "GET /na/adminDetail.mg?mno=99 HTTP/1.1" 200 22206
192.168.140.17 - - [30/May/2022:10:02:14 +0900] "GET /na/adminlist.mg?currentPage=1 HTTP/1.1" 200 25669
192.168.140.17 - - [30/May/2022:10:02:17 +0900] "GET /na/adminlist.mg?keyword=null&currentPage=2 HTTP/1.1" 200 25828
192.168.140.14 - - [30/May/2022:10:02:19 +0900] "GET /na/noticelist.no?currentPage=1 HTTP/1.1" 200 26162
192.168.140.14 - - [30/May/2022:10:02:21 +0900] "GET /na/detail.no?bno=5 HTTP/1.1" 200 22398
192.168.140.17 - - [30/May/2022:10:02:22 +0900] "GET /na/adminDetail.mg?mno=106 HTTP/1.1" 200 21425
192.168.140.17 - - [30/May/2022:10:02:23 +0900] "GET /na/resources/image/lips.png HTTP/1.1" 200 296277
0:0:0:0:0:0:0:1 - - [30/May/2022:10:02:24 +0900] "GET /na/reviewlist.re?currentPage=1 HTTP/1.1" 200 27899
192.168.140.14 - - [30/May/2022:10:02:25 +0900] "GET /na/detail.no?bno=4 HTTP/1.1" 200 22380
192.168.140.17 - - [30/May/2022:10:02:26 +0900] "GET /na/updateform.mg?mno=106 HTTP/1.1" 200 22212
0:0:0:0:0:0:0:1 - - [30/May/2022:10:02:28 +0900] "GET /na/reviewlist.re?currentPage=1 HTTP/1.1" 200 27899
0:0:0:0:0:0:0:1 - - [30/May/2022:10:02:30 +0900] "GET /na/reviewlist.re?currentPage=1 HTTP/1.1" 200 27899
0:0:0:0:0:0:0:1 - - [30/May/2022:10:02:30 +0900] "GET /na/reviewlist.re?currentPage=1 HTTP/1.1" 200 27899
192.168.140.14 - - [30/May/2022:10:02:30 +0900] "GET /na/detail.no?bno=6135 HTTP/1.1" 200 22390
192.168.140.17 - - [30/May/2022:10:02:30 +0900] "GET /na/updateform.mg?mno=106 HTTP/1.1" 200 22212
0:0:0:0:0:0:0:1 - - [30/May/2022:10:02:35 +0900] "GET /na/reviewlist.re?currentPage=1 HTTP/1.1" 200 27899
192.168.140.14 - - [30/May/2022:10:02:37 +0900] "GET /na/noticelist.no?currentPage=1 HTTP/1.1" 200 26162
192.168.140.17 - - [30/May/2022:10:02:38 +0900] "POST /na/update.mg HTTP/1.1" 302 -
192.168.140.17 - - [30/May/2022:10:02:38 +0900] "GET /na/adminDetail.mg?mno=106 HTTP/1.1" 200 21462
0:0:0:0:0:0:0:1 - - [30/May/2022:10:02:40 +0900] "GET /na/noticeList.no?currentPage=1 HTTP/1.1" 200 26060
192.168.140.17 - - [30/May/2022:10:02:42 +0900] "GET /na/noticelist.no?currentPage=1 HTTP/1.1" 200 26162
192.168.140.14 - - [30/May/2022:10:02:42 +0900] "GET /na/inquerylist.in?currentPage=1 HTTP/1.1" 200 26368
192.168.140.14 - - [30/May/2022:10:02:44 +0900] "GET /na/inquerydetail.in?ino=91 HTTP/1.1" 200 22431
192.168.140.17 - - [30/May/2022:10:02:45 +0900] "GET /na/adminlist.mg?currentPage=1 HTTP/1.1" 200 25669
192.168.140.17 - - [30/May/2022:10:02:48 +0900] "GET /na/adminlist.mg?keyword=null&currentPage=3 HTTP/1.1" 200 25831
192.168.140.17 - - [30/May/2022:10:02:50 +0900] "GET /na/adminDetail.mg?mno=91 HTTP/1.1" 200 21422
192.168.140.14 - - [30/May/2022:10:02:51 +0900] "GET /na/inquerydetail.in?ino=91 HTTP/1.1" 200 22431
192.168.140.14 - - [30/May/2022:10:02:52 +0900] "POST /na/inqueryupdateform.in?ino=91 HTTP/1.1" 200 22603
192.168.140.17 - - [30/May/2022:10:02:52 +0900] "GET /na/updateform.mg?mno=91 HTTP/1.1" 200 22211
192.168.140.17 - - [30/May/2022:10:03:01 +0900] "POST /na/update.mg HTTP/1.1" 302 -
192.168.140.17 - - [30/May/2022:10:03:01 +0900] "GET /na/adminDetail.mg?mno=91 HTTP/1.1" 200 21459
0:0:0:0:0:0:0:1 - - [30/May/2022:10:03:02 +0900] "GET /na/noticeList.no?currentPage=1 HTTP/1.1" 200 26060
192.168.140.17 - - [30/May/2022:10:03:05 +0900] "GET /na/adminlist.mg?currentPage=1 HTTP/1.1" 200 25669
0:0:0:0:0:0:0:1 - - [30/May/2022:10:03:06 +0900] "GET /na/faqList.fa HTTP/1.1" 200 24507
192.168.140.17 - - [30/May/2022:10:03:07 +0900] "GET /na/adminlist.mg?keyword=null&currentPage=2 HTTP/1.1" 200 25817
0:0:0:0:0:0:0:1 - - [30/May/2022:10:03:07 +0900] "GET /na/qnalist.in?currentPage=1 HTTP/1.1" 200 549
192.168.140.14 - - [30/May/2022:10:03:08 +0900] "POST /na/inqueryupdate.in HTTP/1.1" 302 -
192.168.140.14 - - [30/May/2022:10:03:08 +0900] "GET /na/inquerydetail.in?ino=91 HTTP/1.1" 200 22479
192.168.140.17 - - [30/May/2022:10:03:09 +0900] "GET /na/adminlist.mg?keyword=null&currentPage=3 HTTP/1.1" 200 25820
192.168.140.17 - - [30/May/2022:10:03:11 +0900] "GET /na/adminlist.mg?keyword=null&currentPage=4 HTTP/1.1" 200 25853
0:0:0:0:0:0:0:1 - - [30/May/2022:10:03:12 +0900] "GET /na/beforeLog.me HTTP/1.1" 200 27305
192.168.140.17 - - [30/May/2022:10:03:13 +0900] "GET /na/adminDetail.mg?mno=84 HTTP/1.1" 200 22181
0:0:0:0:0:0:0:1 - - [30/May/2022:10:03:16 +0900] "POST /na/login.me HTTP/1.1" 302 -
0:0:0:0:0:0:0:1 - - [30/May/2022:10:03:16 +0900] "GET /na HTTP/1.1" 302 -
0:0:0:0:0:0:0:1 - - [30/May/2022:10:03:16 +0900] "GET /na/ HTTP/1.1" 200 16295
192.168.140.17 - - [30/May/2022:10:03:16 +0900] "GET /na/updateform.mg?mno=84 HTTP/1.1" 200 22968
0:0:0:0:0:0:0:1 - - [30/May/2022:10:03:19 +0900] "GET /na/noticeList.no?currentPage=1 HTTP/1.1" 200 25879
0:0:0:0:0:0:0:1 - - [30/May/2022:10:03:20 +0900] "GET /na/qnalist.in?currentPage=1 HTTP/1.1" 200 24822
192.168.140.14 - - [30/May/2022:10:03:29 +0900] "GET /na/inquerylist.in?currentPage=1 HTTP/1.1" 200 26368
192.168.140.17 - - [30/May/2022:10:03:32 +0900] "POST /na/update.mg HTTP/1.1" 302 -
192.168.140.17 - - [30/May/2022:10:03:32 +0900] "GET /na/adminDetail.mg?mno=84 HTTP/1.1" 200 22201
192.168.140.17 - - [30/May/2022:10:03:35 +0900] "GET /na/adminlist.mg?currentPage=1 HTTP/1.1" 200 25669
192.168.140.17 - - [30/May/2022:10:03:35 +0900] "GET /na/adminDetail.mg?mno=117 HTTP/1.1" 200 22341
192.168.140.14 - - [30/May/2022:10:03:37 +0900] "GET /na/inquerylist.in?currentPage=10 HTTP/1.1" 200 26159
192.168.140.17 - - [30/May/2022:10:03:40 +0900] "GET /na/adminlist.mg?keyword=null&currentPage=5 HTTP/1.1" 200 25834
192.168.140.17 - - [30/May/2022:10:03:41 +0900] "GET /na/adminDetail.mg?mno=69 HTTP/1.1" 200 22180
192.168.140.14 - - [30/May/2022:10:03:42 +0900] "GET /na/inquerylist.in?currentPage=9 HTTP/1.1" 200 26508
192.168.140.17 - - [30/May/2022:10:03:44 +0900] "GET /na/updateform.mg?mno=69 HTTP/1.1" 200 22968
192.168.140.14 - - [30/May/2022:10:03:44 +0900] "GET /na/inquerylist.in?currentPage=1 HTTP/1.1" 200 26368
192.168.140.17 - - [30/May/2022:10:03:47 +0900] "POST /na/update.mg HTTP/1.1" 302 -
192.168.140.17 - - [30/May/2022:10:03:47 +0900] "GET /na/adminDetail.mg?mno=69 HTTP/1.1" 200 22200
192.168.140.14 - - [30/May/2022:10:03:51 +0900] "GET /na/faqlist.fa HTTP/1.1" 200 23846
192.168.140.17 - - [30/May/2022:10:03:52 +0900] "GET /na/adminlist.mg?currentPage=1 HTTP/1.1" 200 25669
0:0:0:0:0:0:0:1 - - [30/May/2022:10:03:52 +0900] "GET /na/qnalist.in?currentPage=1 HTTP/1.1" 200 24854
0:0:0:0:0:0:0:1 - - [30/May/2022:10:03:53 +0900] "GET /na/qnalist.in?currentPage=1 HTTP/1.1" 200 24854
192.168.140.17 - - [30/May/2022:10:03:54 +0900] "GET /na/adminlist.mg?keyword=null&currentPage=6 HTTP/1.1" 200 25831
192.168.140.17 - - [30/May/2022:10:03:56 +0900] "GET /na/adminDetail.mg?mno=54 HTTP/1.1" 200 22179
192.168.140.14 - - [30/May/2022:10:03:58 +0900] "GET /na/logout.me HTTP/1.1" 302 -
192.168.140.14 - - [30/May/2022:10:03:58 +0900] "GET /na HTTP/1.1" 302 -
192.168.140.14 - - [30/May/2022:10:03:58 +0900] "GET /na/ HTTP/1.1" 200 16108
192.168.140.17 - - [30/May/2022:10:03:58 +0900] "GET /na/updateform.mg?mno=54 HTTP/1.1" 200 22968
192.168.140.14 - - [30/May/2022:10:04:00 +0900] "GET /na/beforeLog.me HTTP/1.1" 200 27305
192.168.140.17 - - [30/May/2022:10:04:02 +0900] "POST /na/update.mg HTTP/1.1" 302 -
192.168.140.17 - - [30/May/2022:10:04:02 +0900] "GET /na/adminDetail.mg?mno=54 HTTP/1.1" 200 22199
192.168.140.17 - - [30/May/2022:10:04:05 +0900] "GET /na/adminlist.mg?currentPage=1 HTTP/1.1" 200 25669
192.168.140.17 - - [30/May/2022:10:04:08 +0900] "GET /na/adminlist.mg?keyword=null&currentPage=4 HTTP/1.1" 200 25826
192.168.140.14 - - [30/May/2022:10:04:11 +0900] "POST /na/login.me HTTP/1.1" 200 555
192.168.140.17 - - [30/May/2022:10:04:11 +0900] "GET /na/adminDetail.mg?mno=76 HTTP/1.1" 200 21422
192.168.140.17 - - [30/May/2022:10:04:15 +0900] "GET /na/updateform.mg?mno=76 HTTP/1.1" 200 22211
0:0:0:0:0:0:0:1 - - [30/May/2022:10:04:17 +0900] "GET /na/qnalist.in?currentPage=1 HTTP/1.1" 200 24863
192.168.140.17 - - [30/May/2022:10:04:19 +0900] "POST /na/update.mg HTTP/1.1" 302 -
192.168.140.17 - - [30/May/2022:10:04:19 +0900] "GET /na/adminDetail.mg?mno=76 HTTP/1.1" 200 21459
0:0:0:0:0:0:0:1 - - [30/May/2022:10:04:22 +0900] "GET /na/qnalist.in?currentPage=1 HTTP/1.1" 200 24863
0:0:0:0:0:0:0:1 - - [30/May/2022:10:04:23 +0900] "GET /na/qnalist.in?currentPage=1 HTTP/1.1" 200 24863
0:0:0:0:0:0:0:1 - - [30/May/2022:10:04:23 +0900] "GET /na/qnalist.in?currentPage=1 HTTP/1.1" 200 24863
192.168.140.17 - - [30/May/2022:10:04:26 +0900] "GET /na/adminlist.mg?currentPage=1 HTTP/1.1" 200 25669
0:0:0:0:0:0:0:1 - - [30/May/2022:10:04:26 +0900] "GET /na/qnalist.in?currentPage=1 HTTP/1.1" 200 24863
192.168.140.17 - - [30/May/2022:10:04:32 +0900] "GET /na/adminlist.mg?keyword=null&currentPage=6 HTTP/1.1" 200 25804
192.168.140.17 - - [30/May/2022:10:04:34 +0900] "GET /na/adminDetail.mg?mno=61 HTTP/1.1" 200 21423
192.168.140.17 - - [30/May/2022:10:04:36 +0900] "GET /na/updateform.mg?mno=61 HTTP/1.1" 200 22211
0:0:0:0:0:0:0:1 - - [30/May/2022:10:04:39 +0900] "GET /na/qnalist.in?currentPage=1 HTTP/1.1" 200 24881
192.168.140.17 - - [30/May/2022:10:04:42 +0900] "POST /na/update.mg HTTP/1.1" 302 -
192.168.140.17 - - [30/May/2022:10:04:42 +0900] "GET /na/adminDetail.mg?mno=61 HTTP/1.1" 200 21460
0:0:0:0:0:0:0:1 - - [30/May/2022:10:04:42 +0900] "GET /na/contract.in HTTP/1.1" 200 49628
0:0:0:0:0:0:0:1 - - [30/May/2022:10:04:44 +0900] "GET /na HTTP/1.1" 302 -
0:0:0:0:0:0:0:1 - - [30/May/2022:10:04:44 +0900] "GET /na/ HTTP/1.1" 200 16273
0:0:0:0:0:0:0:1 - - [30/May/2022:10:04:45 +0900] "GET /na/logout.me HTTP/1.1" 302 -
0:0:0:0:0:0:0:1 - - [30/May/2022:10:04:45 +0900] "GET /na HTTP/1.1" 302 -
0:0:0:0:0:0:0:1 - - [30/May/2022:10:04:45 +0900] "GET /na/ HTTP/1.1" 200 16108
0:0:0:0:0:0:0:1 - - [30/May/2022:10:04:47 +0900] "GET /na/beforeLog.me HTTP/1.1" 200 27305
192.168.140.17 - - [30/May/2022:10:04:48 +0900] "GET /na/adminlist.mg?currentPage=1 HTTP/1.1" 200 25669
0:0:0:0:0:0:0:1 - - [30/May/2022:10:04:50 +0900] "POST /na/login.me HTTP/1.1" 302 -
0:0:0:0:0:0:0:1 - - [30/May/2022:10:04:50 +0900] "GET /na/proManageList.pr?currentPage=1 HTTP/1.1" 200 27312
192.168.140.17 - - [30/May/2022:10:04:50 +0900] "GET /na/adminlist.mg?keyword=null&currentPage=2 HTTP/1.1" 200 25817
192.168.140.14 - - [30/May/2022:10:04:50 +0900] "POST /na/login.me HTTP/1.1" 200 555
192.168.140.17 - - [30/May/2022:10:04:51 +0900] "GET /na/adminlist.mg?keyword=null&currentPage=2 HTTP/1.1" 200 25817
192.168.140.17 - - [30/May/2022:10:04:53 +0900] "GET /na/adminlist.mg?keyword=null&currentPage=3 HTTP/1.1" 200 25820
192.168.140.17 - - [30/May/2022:10:04:54 +0900] "GET /na/adminlist.mg?keyword=null&currentPage=4 HTTP/1.1" 200 25815
192.168.140.17 - - [30/May/2022:10:04:56 +0900] "GET /na/adminlist.mg?keyword=null&currentPage=5 HTTP/1.1" 200 25807
192.168.140.17 - - [30/May/2022:10:04:58 +0900] "GET /na/adminlist.mg?keyword=null&currentPage=6 HTTP/1.1" 200 25793
192.168.140.17 - - [30/May/2022:10:05:00 +0900] "GET /na/adminlist.mg?keyword=null&currentPage=7 HTTP/1.1" 200 25823
192.168.140.17 - - [30/May/2022:10:05:02 +0900] "GET /na/adminDetail.mg?mno=46 HTTP/1.1" 200 21423
192.168.140.17 - - [30/May/2022:10:05:04 +0900] "GET /na/updateform.mg?mno=46 HTTP/1.1" 200 22211
192.168.140.17 - - [30/May/2022:10:05:09 +0900] "POST /na/update.mg HTTP/1.1" 302 -
192.168.140.17 - - [30/May/2022:10:05:09 +0900] "GET /na/adminDetail.mg?mno=46 HTTP/1.1" 200 21461
192.168.140.17 - - [30/May/2022:10:05:12 +0900] "GET /na/adminlist.mg?currentPage=1 HTTP/1.1" 200 25669
192.168.140.17 - - [30/May/2022:10:05:14 +0900] "GET /na/adminlist.mg?keyword=null&currentPage=8 HTTP/1.1" 200 25860
192.168.140.17 - - [30/May/2022:10:05:16 +0900] "GET /na/adminDetail.mg?mno=31 HTTP/1.1" 200 21424
0:0:0:0:0:0:0:1 - - [30/May/2022:10:05:17 +0900] "GET /na/proManageList.pr?currentPage=1 HTTP/1.1" 200 27290
192.168.140.17 - - [30/May/2022:10:05:18 +0900] "GET /na/updateform.mg?mno=31 HTTP/1.1" 200 22211
192.168.140.17 - - [30/May/2022:10:05:23 +0900] "POST /na/update.mg HTTP/1.1" 302 -
192.168.140.17 - - [30/May/2022:10:05:23 +0900] "GET /na/adminDetail.mg?mno=31 HTTP/1.1" 200 21461
0:0:0:0:0:0:0:1 - - [30/May/2022:10:05:23 +0900] "GET /na/noticelist.no?currentPage=1 HTTP/1.1" 200 26162
192.168.140.5 - - [30/May/2022:10:05:25 +0900] "GET /na/logout.me HTTP/1.1" 302 -
192.168.140.5 - - [30/May/2022:10:05:25 +0900] "GET /na HTTP/1.1" 302 -
192.168.140.5 - - [30/May/2022:10:05:25 +0900] "GET /na/ HTTP/1.1" 200 16108
192.168.140.17 - - [30/May/2022:10:05:26 +0900] "GET /na/adminlist.mg?currentPage=1 HTTP/1.1" 200 25669
192.168.140.5 - - [30/May/2022:10:05:27 +0900] "GET /na/beforeLog.me HTTP/1.1" 200 27305
192.168.140.17 - - [30/May/2022:10:05:28 +0900] "GET /na/adminlist.mg?keyword=null&currentPage=9 HTTP/1.1" 200 25844
192.168.140.17 - - [30/May/2022:10:05:29 +0900] "GET /na/adminlist.mg?keyword=null&currentPage=7 HTTP/1.1" 200 25813
192.168.140.14 - - [30/May/2022:10:05:30 +0900] "POST /na/login.me HTTP/1.1" 200 555
192.168.140.5 - - [30/May/2022:10:05:31 +0900] "POST /na/login.me HTTP/1.1" 200 555
192.168.140.17 - - [30/May/2022:10:05:31 +0900] "GET /na/adminlist.mg?keyword=null&currentPage=9 HTTP/1.1" 200 25844
192.168.140.17 - - [30/May/2022:10:05:33 +0900] "GET /na/adminDetail.mg?mno=24 HTTP/1.1" 200 22181
192.168.140.17 - - [30/May/2022:10:05:36 +0900] "GET /na/updateform.mg?mno=24 HTTP/1.1" 200 22968
0:0:0:0:0:0:0:1 - - [30/May/2022:10:05:38 +0900] "GET /na/noticelist.no?currentPage=1 HTTP/1.1" 200 26162
192.168.140.5 - - [30/May/2022:10:05:42 +0900] "POST /na/login.me HTTP/1.1" 200 555
0:0:0:0:0:0:0:1 - - [30/May/2022:10:05:42 +0900] "GET /na/noticelist.no?currentPage=1 HTTP/1.1" 200 26162
192.168.140.17 - - [30/May/2022:10:05:42 +0900] "POST /na/update.mg HTTP/1.1" 302 -
192.168.140.17 - - [30/May/2022:10:05:42 +0900] "GET /na/adminDetail.mg?mno=24 HTTP/1.1" 200 22206
0:0:0:0:0:0:0:1 - - [30/May/2022:10:05:42 +0900] "GET /na/noticelist.no?currentPage=1 HTTP/1.1" 200 26162
0:0:0:0:0:0:0:1 - - [30/May/2022:10:05:45 +0900] "GET /na/noticelist.no?currentPage=1 HTTP/1.1" 200 26162
192.168.140.17 - - [30/May/2022:10:05:45 +0900] "GET /na/adminlist.mg?currentPage=1 HTTP/1.1" 200 25669
0:0:0:0:0:0:0:1 - - [30/May/2022:10:05:46 +0900] "GET /na/noticelist.no?currentPage=1 HTTP/1.1" 200 26162
192.168.140.17 - - [30/May/2022:10:05:47 +0900] "GET /na/adminlist.mg?keyword=null&currentPage=10 HTTP/1.1" 200 25829
0:0:0:0:0:0:0:1 - - [30/May/2022:10:05:49 +0900] "GET /na/noticelist.no?currentPage=1 HTTP/1.1" 200 26162
192.168.140.17 - - [30/May/2022:10:05:49 +0900] "GET /na/adminDetail.mg?mno=9 HTTP/1.1" 200 22177
192.168.140.17 - - [30/May/2022:10:05:50 +0900] "GET /na/adminlist.mg?currentPage=1 HTTP/1.1" 200 25669
0:0:0:0:0:0:0:1 - - [30/May/2022:10:05:52 +0900] "GET /na/noticelist.no?currentPage=1 HTTP/1.1" 200 26162
0:0:0:0:0:0:0:1 - - [30/May/2022:10:05:53 +0900] "GET /na/noticelist.no?currentPage=1 HTTP/1.1" 200 26162
0:0:0:0:0:0:0:1 - - [30/May/2022:10:05:53 +0900] "GET /na/noticelist.no?currentPage=1 HTTP/1.1" 200 26162
192.168.140.17 - - [30/May/2022:10:05:53 +0900] "GET /na/adminlist.mg?keyword=null&currentPage=10 HTTP/1.1" 200 25829
0:0:0:0:0:0:0:1 - - [30/May/2022:10:05:53 +0900] "GET /na/noticelist.no?currentPage=1 HTTP/1.1" 200 26162
0:0:0:0:0:0:0:1 - - [30/May/2022:10:05:53 +0900] "GET /na/noticelist.no?currentPage=1 HTTP/1.1" 200 26162
0:0:0:0:0:0:0:1 - - [30/May/2022:10:05:53 +0900] "GET /na/noticelist.no?currentPage=1 HTTP/1.1" 200 26162
0:0:0:0:0:0:0:1 - - [30/May/2022:10:05:54 +0900] "GET /na/noticelist.no?currentPage=1 HTTP/1.1" 200 26162
0:0:0:0:0:0:0:1 - - [30/May/2022:10:05:54 +0900] "GET /na/noticelist.no?currentPage=1 HTTP/1.1" 200 26162
0:0:0:0:0:0:0:1 - - [30/May/2022:10:05:54 +0900] "GET /na/noticelist.no?currentPage=1 HTTP/1.1" 200 26162
0:0:0:0:0:0:0:1 - - [30/May/2022:10:05:54 +0900] "GET /na/noticelist.no?currentPage=1 HTTP/1.1" 200 26162
0:0:0:0:0:0:0:1 - - [30/May/2022:10:05:54 +0900] "GET /na/noticelist.no?currentPage=1 HTTP/1.1" 200 26162
192.168.140.17 - - [30/May/2022:10:05:54 +0900] "GET /na/adminDetail.mg?mno=9 HTTP/1.1" 200 22177
192.168.140.17 - - [30/May/2022:10:05:57 +0900] "GET /na/updateform.mg?mno=9 HTTP/1.1" 200 22967
0:0:0:0:0:0:0:1 - - [30/May/2022:10:05:57 +0900] "GET /na/noticelist.no?currentPage=1 HTTP/1.1" 200 26162
0:0:0:0:0:0:0:1 - - [30/May/2022:10:05:57 +0900] "GET /na/noticelist.no?currentPage=1 HTTP/1.1" 200 26162
0:0:0:0:0:0:0:1 - - [30/May/2022:10:05:59 +0900] "GET /na/inquerylist.in?currentPage=1 HTTP/1.1" 200 26368
192.168.140.17 - - [30/May/2022:10:06:02 +0900] "POST /na/update.mg HTTP/1.1" 302 -
192.168.140.17 - - [30/May/2022:10:06:02 +0900] "GET /na/adminDetail.mg?mno=9 HTTP/1.1" 200 22198
192.168.140.17 - - [30/May/2022:10:06:06 +0900] "GET /na/adminlist.mg?currentPage=1 HTTP/1.1" 200 25669
192.168.140.17 - - [30/May/2022:10:06:08 +0900] "GET /na/adminlist.mg?keyword=null&currentPage=10 HTTP/1.1" 200 25803
192.168.140.17 - - [30/May/2022:10:06:10 +0900] "GET /na/adminDetail.mg?mno=16 HTTP/1.1" 200 21422
192.168.140.17 - - [30/May/2022:10:06:12 +0900] "GET /na/updateform.mg?mno=16 HTTP/1.1" 200 22211
192.168.140.17 - - [30/May/2022:10:06:15 +0900] "POST /na/update.mg HTTP/1.1" 302 -
192.168.140.17 - - [30/May/2022:10:06:15 +0900] "GET /na/adminDetail.mg?mno=16 HTTP/1.1" 200 21459
192.168.140.17 - - [30/May/2022:10:06:18 +0900] "GET /na/adminlist.mg?currentPage=1 HTTP/1.1" 200 25669
192.168.140.17 - - [30/May/2022:10:06:20 +0900] "GET /na/adminlist.mg?keyword=null&currentPage=10 HTTP/1.1" 200 25792
192.168.140.17 - - [30/May/2022:10:06:22 +0900] "GET /na/adminlist.mg?keyword=null&currentPage=11 HTTP/1.1" 200 22443
192.168.140.17 - - [30/May/2022:10:06:24 +0900] "GET /na/adminDetail.mg?mno=1 HTTP/1.1" 200 21422
192.168.140.17 - - [30/May/2022:10:06:25 +0900] "GET /na/updateform.mg?mno=1 HTTP/1.1" 200 22210
192.168.140.17 - - [30/May/2022:10:06:31 +0900] "POST /na/update.mg HTTP/1.1" 302 -
192.168.140.17 - - [30/May/2022:10:06:31 +0900] "GET /na/adminDetail.mg?mno=1 HTTP/1.1" 200 21459
192.168.140.17 - - [30/May/2022:10:06:35 +0900] "GET /na/logout.me HTTP/1.1" 302 -
192.168.140.17 - - [30/May/2022:10:06:35 +0900] "GET /na HTTP/1.1" 302 -
192.168.140.17 - - [30/May/2022:10:06:36 +0900] "GET /na/ HTTP/1.1" 200 16108
0:0:0:0:0:0:0:1 - - [30/May/2022:10:06:37 +0900] "GET /na/inquerylist.in?currentPage=1 HTTP/1.1" 200 26395
192.168.140.17 - - [30/May/2022:10:06:38 +0900] "GET /na/list.mg?currentPage=1 HTTP/1.1" 200 26812
192.168.140.17 - - [30/May/2022:10:06:40 +0900] "GET /na/list.mg?currentPage=3 HTTP/1.1" 200 26973
192.168.140.17 - - [30/May/2022:10:06:40 +0900] "GET /na/resources/image/hair.png HTTP/1.1" 200 161403
192.168.140.17 - - [30/May/2022:10:06:40 +0900] "GET /na/resources/image/mushroom.png HTTP/1.1" 200 772043
0:0:0:0:0:0:0:1 - - [30/May/2022:10:06:41 +0900] "GET /na/inquerylist.in?currentPage=1 HTTP/1.1" 200 26395
0:0:0:0:0:0:0:1 - - [30/May/2022:10:06:41 +0900] "GET /na/inquerylist.in?currentPage=1 HTTP/1.1" 200 26395
0:0:0:0:0:0:0:1 - - [30/May/2022:10:06:42 +0900] "GET /na/inquerylist.in?currentPage=1 HTTP/1.1" 200 26395
192.168.140.17 - - [30/May/2022:10:06:43 +0900] "GET /na/list.mg?currentPage=8 HTTP/1.1" 200 26961
0:0:0:0:0:0:0:1 - - [30/May/2022:10:06:45 +0900] "GET /na/inquerylist.in?currentPage=1 HTTP/1.1" 200 26395
192.168.140.17 - - [30/May/2022:10:06:47 +0900] "GET /na/list.mg?currentPage=5 HTTP/1.1" 200 26927
192.168.140.17 - - [30/May/2022:10:06:50 +0900] "GET /na/list.mg?currentPage=7 HTTP/1.1" 200 26941
192.168.140.17 - - [30/May/2022:10:06:52 +0900] "GET /na/list.mg?currentPage=8 HTTP/1.1" 200 26961
0:0:0:0:0:0:0:1 - - [30/May/2022:10:06:54 +0900] "GET /na/inquerylist.in?currentPage=1 HTTP/1.1" 200 26412
192.168.140.5 - - [30/May/2022:10:06:55 +0900] "POST /na/login.me HTTP/1.1" 302 -
192.168.140.5 - - [30/May/2022:10:06:55 +0900] "GET /na HTTP/1.1" 302 -
192.168.140.5 - - [30/May/2022:10:06:55 +0900] "GET /na/ HTTP/1.1" 200 16295
0:0:0:0:0:0:0:1 - - [30/May/2022:10:06:55 +0900] "GET /na/inquerylist.in?currentPage=1 HTTP/1.1" 200 26412
192.168.140.5 - - [30/May/2022:10:06:59 +0900] "GET /na/reviewlist.re?currentPage=1 HTTP/1.1" 200 27718
192.168.140.5 - - [30/May/2022:10:06:59 +0900] "GET /na/resources/image/%ED%9B%84%EA%B8%B05.PNG HTTP/1.1" 200 487911
192.168.140.5 - - [30/May/2022:10:06:59 +0900] "GET /na/resources/image/%ED%9B%84%EA%B8%B07.PNG HTTP/1.1" 200 395974
192.168.140.5 - - [30/May/2022:10:06:59 +0900] "GET /na/resources/image/%ED%9B%84%EA%B8%B01.PNG HTTP/1.1" 200 947233
0:0:0:0:0:0:0:1 - - [30/May/2022:10:07:01 +0900] "GET /na/inquerylist.in?currentPage=1 HTTP/1.1" 200 26412
192.168.140.5 - - [30/May/2022:10:07:03 +0900] "GET /na/noticeList.no?currentPage=1 HTTP/1.1" 200 25879
192.168.140.5 - - [30/May/2022:10:07:03 +0900] "GET /na/qnalist.in?currentPage=1 HTTP/1.1" 200 24460
0:0:0:0:0:0:0:1 - - [30/May/2022:10:07:04 +0900] "GET /na/faqlist.fa HTTP/1.1" 200 23846
0:0:0:0:0:0:0:1 - - [30/May/2022:10:07:06 +0900] "GET /na/adminlist.mg?currentPage=1 HTTP/1.1" 200 25669
192.168.140.5 - - [30/May/2022:10:07:06 +0900] "POST /na/qnainsertform.in HTTP/1.1" 200 22527
192.168.140.17 - - [30/May/2022:10:07:07 +0900] "GET /na/detail.mg?mno=39 HTTP/1.1" 200 22888
192.168.140.17 - - [30/May/2022:10:07:14 +0900] "GET /na/list.mg?currentPage=8 HTTP/1.1" 200 26961
192.168.140.5 - - [30/May/2022:10:07:17 +0900] "POST /na/qnainsert.in HTTP/1.1" 302 -
192.168.140.17 - - [30/May/2022:10:07:17 +0900] "GET /na/beforeLog.me HTTP/1.1" 200 27305
192.168.140.5 - - [30/May/2022:10:07:18 +0900] "GET /na/qnalist.in?currentPage=1 HTTP/1.1" 200 24933
192.168.140.5 - - [30/May/2022:10:07:19 +0900] "GET /na/qnadetail.in?ino=102 HTTP/1.1" 200 23626
192.168.140.5 - - [30/May/2022:10:07:23 +0900] "GET /na/qnaupdateform.in?ino=102 HTTP/1.1" 200 22807
192.168.140.17 - - [30/May/2022:10:07:24 +0900] "POST /na/login.me HTTP/1.1" 302 -
192.168.140.17 - - [30/May/2022:10:07:24 +0900] "GET /na/proManageList.pr?currentPage=1 HTTP/1.1" 200 27312
192.168.140.17 - - [30/May/2022:10:07:27 +0900] "GET /na/adminlist.mg?currentPage=1 HTTP/1.1" 200 25669
192.168.140.17 - - [30/May/2022:10:07:29 +0900] "GET /na/adminlist.mg?keyword=null&currentPage=8 HTTP/1.1" 200 25849
192.168.140.17 - - [30/May/2022:10:07:31 +0900] "GET /na/adminDetail.mg?mno=39 HTTP/1.1" 200 22181
192.168.140.5 - - [30/May/2022:10:07:32 +0900] "POST /na/qnaupdate.in HTTP/1.1" 302 -
192.168.140.5 - - [30/May/2022:10:07:32 +0900] "GET /na/qnadetail.in?ino=102 HTTP/1.1" 200 23729
192.168.140.17 - - [30/May/2022:10:07:32 +0900] "GET /na/updateform.mg?mno=39 HTTP/1.1" 200 22968
0:0:0:0:0:0:0:1 - - [30/May/2022:10:07:34 +0900] "GET /na/adminlist.mg?currentPage=1 HTTP/1.1" 200 25669
192.168.140.17 - - [30/May/2022:10:07:37 +0900] "POST /na/update.mg HTTP/1.1" 302 -
192.168.140.17 - - [30/May/2022:10:07:37 +0900] "GET /na/adminDetail.mg?mno=39 HTTP/1.1" 200 22206
0:0:0:0:0:0:0:1 - - [30/May/2022:10:07:37 +0900] "GET /na/adminlist.mg?currentPage=1 HTTP/1.1" 200 25669
0:0:0:0:0:0:0:1 - - [30/May/2022:10:07:41 +0900] "GET /na/adminlist.mg?currentPage=1 HTTP/1.1" 200 25669
192.168.140.5 - - [30/May/2022:10:07:42 +0900] "GET /na HTTP/1.1" 302 -
192.168.140.5 - - [30/May/2022:10:07:42 +0900] "GET /na/ HTTP/1.1" 200 16273
192.168.140.17 - - [30/May/2022:10:07:43 +0900] "GET /na/logout.me HTTP/1.1" 302 -
192.168.140.17 - - [30/May/2022:10:07:43 +0900] "GET /na HTTP/1.1" 302 -
192.168.140.17 - - [30/May/2022:10:07:43 +0900] "GET /na/ HTTP/1.1" 200 16108
192.168.140.5 - - [30/May/2022:10:07:43 +0900] "GET /na/logout.me HTTP/1.1" 302 -
192.168.140.5 - - [30/May/2022:10:07:43 +0900] "GET /na HTTP/1.1" 302 -
192.168.140.5 - - [30/May/2022:10:07:43 +0900] "GET /na/ HTTP/1.1" 200 16108
0:0:0:0:0:0:0:1 - - [30/May/2022:10:07:44 +0900] "GET /na/adminlist.mg?currentPage=1 HTTP/1.1" 200 25669
0:0:0:0:0:0:0:1 - - [30/May/2022:10:07:45 +0900] "GET /na/adminlist.mg?currentPage=1 HTTP/1.1" 200 25669
192.168.140.5 - - [30/May/2022:10:07:45 +0900] "GET /na/beforeLog.me HTTP/1.1" 200 27305
192.168.140.17 - - [30/May/2022:10:07:45 +0900] "GET /na/list.mg?currentPage=1 HTTP/1.1" 200 26812
192.168.140.17 - - [30/May/2022:10:07:47 +0900] "GET /na/list.mg?currentPage=2 HTTP/1.1" 200 26953
0:0:0:0:0:0:0:1 - - [30/May/2022:10:07:49 +0900] "GET /na/adminlist.mg?currentPage=1 HTTP/1.1" 200 25669
192.168.140.17 - - [30/May/2022:10:07:50 +0900] "GET /na/list.mg?currentPage=3 HTTP/1.1" 200 26973
192.168.140.17 - - [30/May/2022:10:07:55 +0900] "GET /na/list.mg?currentPage=5 HTTP/1.1" 200 26927
192.168.140.5 - - [30/May/2022:10:07:55 +0900] "POST /na/login.me HTTP/1.1" 200 555
0:0:0:0:0:0:0:1 - - [30/May/2022:10:07:56 +0900] "GET /na/adminlist.mg?currentPage=1 HTTP/1.1" 200 25669
192.168.140.17 - - [30/May/2022:10:07:56 +0900] "GET /na/detail.mg?mno=77 HTTP/1.1" 200 22305
0:0:0:0:0:0:0:1 - - [30/May/2022:10:07:56 +0900] "GET /na/adminlist.mg?currentPage=1 HTTP/1.1" 200 25669
0:0:0:0:0:0:0:1 - - [30/May/2022:10:07:57 +0900] "GET /na/adminlist.mg?currentPage=1 HTTP/1.1" 200 25669
192.168.140.14 - - [30/May/2022:10:07:58 +0900] "POST /na/login.me HTTP/1.1" 302 -
192.168.140.14 - - [30/May/2022:10:07:58 +0900] "GET /na/proManageList.pr?currentPage=1 HTTP/1.1" 200 27312
0:0:0:0:0:0:0:1 - - [30/May/2022:10:08:00 +0900] "GET /na/adminlist.mg?currentPage=1 HTTP/1.1" 200 25669
0:0:0:0:0:0:0:1 - - [30/May/2022:10:08:01 +0900] "GET /na/adminlist.mg?currentPage=1 HTTP/1.1" 200 25669
0:0:0:0:0:0:0:1 - - [30/May/2022:10:08:03 +0900] "GET /na/reviewadlist.re?currentPage=1 HTTP/1.1" 200 27476
192.168.140.14 - - [30/May/2022:10:08:03 +0900] "GET /na/noticelist.no?currentPage=1 HTTP/1.1" 200 26162
192.168.140.14 - - [30/May/2022:10:08:06 +0900] "GET /na/detail.no?bno=5 HTTP/1.1" 200 22398
192.168.140.17 - - [30/May/2022:10:08:07 +0900] "GET /na/list.mg?currentPage=4 HTTP/1.1" 200 26935
192.168.140.5 - - [30/May/2022:10:08:08 +0900] "POST /na/login.me HTTP/1.1" 200 555
192.168.140.14 - - [30/May/2022:10:08:09 +0900] "GET /na/noticelist.no?currentPage=1 HTTP/1.1" 200 26162
192.168.140.17 - - [30/May/2022:10:08:09 +0900] "GET /na/list2.mg?currentPage=1 HTTP/1.1" 200 26828
192.168.140.14 - - [30/May/2022:10:08:10 +0900] "GET /na/detail.no?bno=4 HTTP/1.1" 200 22380
192.168.140.14 - - [30/May/2022:10:08:11 +0900] "GET /na/noticelist.no?currentPage=1 HTTP/1.1" 200 26162
192.168.140.14 - - [30/May/2022:10:08:14 +0900] "GET /na/faqlist.fa HTTP/1.1" 200 23846
192.168.140.14 - - [30/May/2022:10:08:15 +0900] "GET /na/faqDetail.fa?fno=1 HTTP/1.1" 200 22074
192.168.140.5 - - [30/May/2022:10:08:16 +0900] "POST /na/login.me HTTP/1.1" 302 -
192.168.140.5 - - [30/May/2022:10:08:16 +0900] "GET /na/proManageList.pr?currentPage=1 HTTP/1.1" 200 27312
192.168.140.14 - - [30/May/2022:10:08:18 +0900] "GET /na/faqlist.fa HTTP/1.1" 200 23846
192.168.140.5 - - [30/May/2022:10:08:20 +0900] "GET /na/reviewadlist.re?currentPage=1 HTTP/1.1" 200 27476
192.168.140.14 - - [30/May/2022:10:08:21 +0900] "GET /na/reviewadlist.re?currentPage=1 HTTP/1.1" 200 27476
192.168.140.5 - - [30/May/2022:10:08:22 +0900] "GET /na/inquerylist.in?currentPage=1 HTTP/1.1" 200 26421
192.168.140.5 - - [30/May/2022:10:08:26 +0900] "GET /na/inquerydetail.in?ino=102 HTTP/1.1" 200 22489
192.168.140.17 - - [30/May/2022:10:08:27 +0900] "GET /na/list2.mg?currentPage=2 HTTP/1.1" 200 26921
192.168.140.14 - - [30/May/2022:10:08:28 +0900] "GET /na/reviewadDetail.re?rno=333 HTTP/1.1" 200 21235
192.168.140.5 - - [30/May/2022:10:08:28 +0900] "POST /na/inqueryupdateform.in?ino=102 HTTP/1.1" 200 22659
0:0:0:0:0:0:0:1 - - [30/May/2022:10:08:28 +0900] "GET /na/reviewadlist.re?currentPage=1 HTTP/1.1" 200 27476
0:0:0:0:0:0:0:1 - - [30/May/2022:10:08:29 +0900] "GET /na/reviewadlist.re?currentPage=1 HTTP/1.1" 200 27476
0:0:0:0:0:0:0:1 - - [30/May/2022:10:08:29 +0900] "GET /na/reviewadlist.re?currentPage=1 HTTP/1.1" 200 27476
192.168.140.14 - - [30/May/2022:10:08:31 +0900] "GET /na/reviewadlist.re?currentPage=1 HTTP/1.1" 200 27476
192.168.140.17 - - [30/May/2022:10:08:32 +0900] "GET /na/list2.mg?currentPage=3 HTTP/1.1" 200 26959
0:0:0:0:0:0:0:1 - - [30/May/2022:10:08:32 +0900] "GET /na/reviewadlist.re?currentPage=1 HTTP/1.1" 200 27476
0:0:0:0:0:0:0:1 - - [30/May/2022:10:08:33 +0900] "GET /na/reviewadlist.re?currentPage=1 HTTP/1.1" 200 27476
0:0:0:0:0:0:0:1 - - [30/May/2022:10:08:33 +0900] "GET /na/reviewadlist.re?currentPage=1 HTTP/1.1" 200 27476
192.168.140.14 - - [30/May/2022:10:08:35 +0900] "GET /na/reviewadlist.re?currentPage=2 HTTP/1.1" 200 27630
192.168.140.5 - - [30/May/2022:10:08:36 +0900] "POST /na/inqueryupdate.in HTTP/1.1" 302 -
192.168.140.5 - - [30/May/2022:10:08:36 +0900] "GET /na/inquerydetail.in?ino=102 HTTP/1.1" 200 22515
192.168.140.14 - - [30/May/2022:10:08:37 +0900] "GET /na/reviewadlist.re?currentPage=3 HTTP/1.1" 200 27645
192.168.140.17 - - [30/May/2022:10:08:39 +0900] "GET /na/detail.mg?mno=103 HTTP/1.1" 200 23008
192.168.140.5 - - [30/May/2022:10:08:41 +0900] "GET /na/inquerylist.in?currentPage=1 HTTP/1.1" 200 26412
192.168.140.17 - - [30/May/2022:10:08:42 +0900] "GET /na/detail.mg?mno=103 HTTP/1.1" 200 23008
0:0:0:0:0:0:0:1 - - [30/May/2022:10:08:42 +0900] "GET /na/reviewadlist.re?currentPage=1 HTTP/1.1" 200 27476
192.168.140.14 - - [30/May/2022:10:08:44 +0900] "GET /na/memManageList.me?currentPage=1 HTTP/1.1" 200 26841
192.168.140.5 - - [30/May/2022:10:08:45 +0900] "GET /na/logout.me HTTP/1.1" 302 -
192.168.140.5 - - [30/May/2022:10:08:45 +0900] "GET /na HTTP/1.1" 302 -
192.168.140.5 - - [30/May/2022:10:08:45 +0900] "GET /na/ HTTP/1.1" 200 16108
192.168.140.17 - - [30/May/2022:10:08:46 +0900] "GET /na/detail.mg?mno=103 HTTP/1.1" 200 23008
192.168.140.5 - - [30/May/2022:10:08:47 +0900] "GET /na/beforeLog.me HTTP/1.1" 200 27305
0:0:0:0:0:0:0:1 - - [30/May/2022:10:08:49 +0900] "GET /na/reviewadlist.re?currentPage=1 HTTP/1.1" 200 27476
192.168.140.17 - - [30/May/2022:10:08:49 +0900] "GET /na/detail.mg?mno=103 HTTP/1.1" 200 23008
192.168.140.5 - - [30/May/2022:10:08:51 +0900] "POST /na/login.me HTTP/1.1" 302 -
192.168.140.5 - - [30/May/2022:10:08:51 +0900] "GET /na HTTP/1.1" 302 -
192.168.140.5 - - [30/May/2022:10:08:51 +0900] "GET /na/ HTTP/1.1" 200 16295
192.168.140.17 - - [30/May/2022:10:08:51 +0900] "GET /na/detail.mg?mno=103 HTTP/1.1" 200 23008
192.168.140.14 - - [30/May/2022:10:08:52 +0900] "GET /na/memManageList.me?currentPage=2 HTTP/1.1" 200 27018
0:0:0:0:0:0:0:1 - - [30/May/2022:10:08:52 +0900] "GET /na/memManageList.me?currentPage=1 HTTP/1.1" 200 26841
192.168.140.5 - - [30/May/2022:10:08:53 +0900] "GET /na/noticeList.no?currentPage=1 HTTP/1.1" 200 25879
192.168.140.5 - - [30/May/2022:10:08:54 +0900] "GET /na/qnalist.in?currentPage=1 HTTP/1.1" 200 24892
192.168.140.5 - - [30/May/2022:10:08:54 +0900] "GET /na/qnadetail.in?ino=102 HTTP/1.1" 200 23444
0:0:0:0:0:0:0:1 - - [30/May/2022:10:08:57 +0900] "GET /na/proManageList.pr?currentPage=1 HTTP/1.1" 200 27290
0:0:0:0:0:0:0:1 - - [30/May/2022:10:08:59 +0900] "GET /na/logout.me HTTP/1.1" 302 -
0:0:0:0:0:0:0:1 - - [30/May/2022:10:08:59 +0900] "GET /na HTTP/1.1" 302 -
0:0:0:0:0:0:0:1 - - [30/May/2022:10:08:59 +0900] "GET /na/ HTTP/1.1" 200 16108
192.168.140.14 - - [30/May/2022:10:09:00 +0900] "GET /na/memManageSearch.me?currentPage=1&cate=1&keyword=user03 HTTP/1.1" 200 21789
0:0:0:0:0:0:0:1 - - [30/May/2022:10:09:11 +0900] "GET /na/detail.mg?mno=115 HTTP/1.1" 200 22469
192.168.140.14 - - [30/May/2022:10:09:14 +0900] "GET /na/reviewadlist.re?currentPage=1 HTTP/1.1" 200 27476
0:0:0:0:0:0:0:1 - - [30/May/2022:10:09:16 +0900] "GET /na/ HTTP/1.1" 200 16083
192.168.140.14 - - [30/May/2022:10:09:17 +0900] "GET /na/reviewadlist.re?currentPage=3 HTTP/1.1" 200 27645
192.168.140.14 - - [30/May/2022:10:09:19 +0900] "GET /na/reviewadlist.re?currentPage=10 HTTP/1.1" 200 27673
0:0:0:0:0:0:0:1 - - [30/May/2022:10:09:19 +0900] "GET /na/detail.fa?fno=6 HTTP/1.1" 200 22586
192.168.140.14 - - [30/May/2022:10:09:20 +0900] "GET /na/reviewadlist.re?currentPage=9 HTTP/1.1" 200 27618
0:0:0:0:0:0:0:1 - - [30/May/2022:10:09:21 +0900] "GET /na HTTP/1.1" 302 -
0:0:0:0:0:0:0:1 - - [30/May/2022:10:09:21 +0900] "GET /na/ HTTP/1.1" 200 16083
192.168.140.14 - - [30/May/2022:10:09:22 +0900] "GET /na/reviewadlist.re?currentPage=8 HTTP/1.1" 200 27648
0:0:0:0:0:0:0:1 - - [30/May/2022:10:09:23 +0900] "GET /na/proDetail.pr?pno=2 HTTP/1.1" 200 22998
192.168.140.14 - - [30/May/2022:10:09:25 +0900] "GET /na/reviewadlist.re?currentPage=5 HTTP/1.1" 200 27645
192.168.140.14 - - [30/May/2022:10:09:29 +0900] "GET /na/reviewadlist.re?currentPage=3 HTTP/1.1" 200 27645
192.168.140.14 - - [30/May/2022:10:09:32 +0900] "GET /na/reviewadlist.re?currentPage=2 HTTP/1.1" 200 27630
0:0:0:0:0:0:0:1 - - [30/May/2022:10:09:40 +0900] "GET /na/reviewDetail.re?rno=324 HTTP/1.1" 200 20425
192.168.140.14 - - [30/May/2022:10:09:46 +0900] "GET /na/reviewadlist.re?currentPage=2 HTTP/1.1" 200 27630
192.168.140.14 - - [30/May/2022:10:09:48 +0900] "GET /na/reviewadlist.re?currentPage=5 HTTP/1.1" 200 27645
0:0:0:0:0:0:0:1 - - [30/May/2022:10:09:58 +0900] "GET /na/proDetail.pr?pno=8 HTTP/1.1" 200 22097
192.168.140.14 - - [30/May/2022:10:10:00 +0900] "GET /na/memManageList.me?currentPage=1 HTTP/1.1" 200 26841
0:0:0:0:0:0:0:1 - - [30/May/2022:10:10:01 +0900] "GET /na/proDetail.pr?pno=10 HTTP/1.1" 200 22091
192.168.140.14 - - [30/May/2022:10:10:05 +0900] "GET /na/reviewadlist.re?currentPage=1 HTTP/1.1" 200 27476
192.168.140.5 - - [30/May/2022:10:10:08 +0900] "GET /na/qnadelete.in?ino=102 HTTP/1.1" 302 -
192.168.140.5 - - [30/May/2022:10:10:08 +0900] "GET /na/qnalist.in?currentPage=1 HTTP/1.1" 200 24510
0:0:0:0:0:0:0:1 - - [30/May/2022:10:10:18 +0900] "GET /na HTTP/1.1" 302 -
0:0:0:0:0:0:0:1 - - [30/May/2022:10:10:18 +0900] "GET /na/ HTTP/1.1" 200 16083
192.168.140.5 - - [30/May/2022:10:10:22 +0900] "GET /na/noticeList.no?currentPage=1 HTTP/1.1" 200 25879
0:0:0:0:0:0:0:1 - - [30/May/2022:10:10:44 +0900] "GET /na/ HTTP/1.1" 200 16083
0:0:0:0:0:0:0:1 - - [30/May/2022:10:10:56 +0900] "GET /na/beforeLog.me HTTP/1.1" 200 27305
192.168.140.16 - - [30/May/2022:10:11:19 +0900] "GET /na/proManageList.pr?currentPage=1 HTTP/1.1" 200 27290
192.168.140.16 - - [30/May/2022:10:11:22 +0900] "GET /na/proManageList.pr?currentPage=1 HTTP/1.1" 200 27290
192.168.140.16 - - [30/May/2022:10:11:30 +0900] "GET /na/proManageList.pr?currentPage=1 HTTP/1.1" 200 27290
192.168.140.17 - - [30/May/2022:10:12:22 +0900] "GET /na/list2.mg?currentPage=2 HTTP/1.1" 200 26923
192.168.140.17 - - [30/May/2022:10:12:23 +0900] "GET /na/list2.mg?currentPage=2 HTTP/1.1" 200 26923
192.168.140.17 - - [30/May/2022:10:12:25 +0900] "GET /na/list2.mg?currentPage=2 HTTP/1.1" 200 26923
192.168.140.17 - - [30/May/2022:10:12:26 +0900] "GET /na/detail.mg?mno=3 HTTP/1.1" 200 22099
0:0:0:0:0:0:0:1 - - [30/May/2022:10:12:33 +0900] "GET /na HTTP/1.1" 302 -
0:0:0:0:0:0:0:1 - - [30/May/2022:10:12:33 +0900] "GET /na/ HTTP/1.1" 200 16083
192.168.140.14 - - [30/May/2022:10:13:23 +0900] "GET /na/proManageList.pr?currentPage=1 HTTP/1.1" 200 27290
192.168.140.14 - - [30/May/2022:10:13:25 +0900] "GET /na/logout.me HTTP/1.1" 302 -
192.168.140.14 - - [30/May/2022:10:13:25 +0900] "GET /na HTTP/1.1" 302 -
192.168.140.14 - - [30/May/2022:10:13:25 +0900] "GET /na/ HTTP/1.1" 200 16108
192.168.140.14 - - [30/May/2022:10:13:27 +0900] "GET /na/ HTTP/1.1" 200 16083
192.168.140.16 - - [30/May/2022:10:13:27 +0900] "GET /na/logout.me HTTP/1.1" 302 -
192.168.140.16 - - [30/May/2022:10:13:27 +0900] "GET /na HTTP/1.1" 302 -
192.168.140.16 - - [30/May/2022:10:13:27 +0900] "GET /na/ HTTP/1.1" 200 16108
192.168.140.14 - - [30/May/2022:10:13:33 +0900] "GET /na/reviewDetail.re?rno=324 HTTP/1.1" 200 20425
192.168.140.16 - - [30/May/2022:10:13:33 +0900] "GET /na/beforeLog.me HTTP/1.1" 200 27305
192.168.140.14 - - [30/May/2022:10:13:37 +0900] "GET /na/reviewDetail.re?rno=346 HTTP/1.1" 200 20421
192.168.140.14 - - [30/May/2022:10:13:42 +0900] "GET /na/reviewDetail.re?rno=330 HTTP/1.1" 200 20735
192.168.140.14 - - [30/May/2022:10:13:47 +0900] "GET /na/proDetail.pr?pno=8 HTTP/1.1" 200 22097
192.168.140.14 - - [30/May/2022:10:13:49 +0900] "GET /na/proDetail.pr?pno=10 HTTP/1.1" 200 22091
192.168.140.14 - - [30/May/2022:10:13:51 +0900] "GET /na/proDetail.pr?pno=2 HTTP/1.1" 200 22998
192.168.140.14 - - [30/May/2022:10:13:52 +0900] "GET /na/resources/upfiles/2022052923454526304.png HTTP/1.1" 200 27136
192.168.140.14 - - [30/May/2022:10:13:55 +0900] "GET /na/detail.mg?mno=115 HTTP/1.1" 200 22469
192.168.140.14 - - [30/May/2022:10:13:58 +0900] "GET /favicon.ico HTTP/1.1" 404 818
0:0:0:0:0:0:0:1 - - [30/May/2022:10:13:59 +0900] "GET /na/mainMycart.my HTTP/1.1" 302 -
0:0:0:0:0:0:0:1 - - [30/May/2022:10:13:59 +0900] "GET /na/beforeLog.me HTTP/1.1" 200 27333
0:0:0:0:0:0:0:1 - - [30/May/2022:10:14:01 +0900] "GET /na HTTP/1.1" 302 -
0:0:0:0:0:0:0:1 - - [30/May/2022:10:14:01 +0900] "GET /na/ HTTP/1.1" 200 16083
0:0:0:0:0:0:0:1 - - [30/May/2022:10:14:04 +0900] "GET /na/beforeLog.me HTTP/1.1" 200 27305
192.168.140.14 - - [30/May/2022:10:14:05 +0900] "GET /na/proList.pr?currentPage=1 HTTP/1.1" 200 32305
192.168.140.14 - - [30/May/2022:10:14:07 +0900] "GET /na/proList.pr?currentPage=2 HTTP/1.1" 200 32432
192.168.140.14 - - [30/May/2022:10:14:07 +0900] "GET /na/resources/upfiles/2022052923463873635.png HTTP/1.1" 200 27136
192.168.140.14 - - [30/May/2022:10:14:07 +0900] "GET /na/resources/upfiles/2022052923472354166.png HTTP/1.1" 200 35476
192.168.140.14 - - [30/May/2022:10:14:09 +0900] "GET /na/resources/upfiles/2022052923444297363.png HTTP/1.1" 200 49573
192.168.140.14 - - [30/May/2022:10:14:09 +0900] "GET /na/proList.pr?currentPage=3 HTTP/1.1" 200 32480
0:0:0:0:0:0:0:1 - - [30/May/2022:10:14:11 +0900] "GET /na/proList.pr?currentPage=1 HTTP/1.1" 200 32305
0:0:0:0:0:0:0:1 - - [30/May/2022:10:14:11 +0900] "GET /na/list.mg?currentPage=1 HTTP/1.1" 200 26812
192.168.140.14 - - [30/May/2022:10:14:11 +0900] "GET /na/beforeLog.me HTTP/1.1" 200 27305
0:0:0:0:0:0:0:1 - - [30/May/2022:10:14:12 +0900] "GET /na HTTP/1.1" 302 -
0:0:0:0:0:0:0:1 - - [30/May/2022:10:14:12 +0900] "GET /na/ HTTP/1.1" 200 16083
0:0:0:0:0:0:0:1 - - [30/May/2022:10:14:13 +0900] "GET /na/beforeLog.me HTTP/1.1" 200 27305
0:0:0:0:0:0:0:1 - - [30/May/2022:10:14:16 +0900] "GET /na/enroll.me HTTP/1.1" 200 78417
192.168.140.14 - - [30/May/2022:10:14:17 +0900] "POST /na/login.me HTTP/1.1" 302 -
192.168.140.14 - - [30/May/2022:10:14:17 +0900] "GET /na HTTP/1.1" 302 -
192.168.140.14 - - [30/May/2022:10:14:17 +0900] "GET /na/ HTTP/1.1" 200 16295
192.168.140.17 - - [30/May/2022:10:14:18 +0900] "GET /na HTTP/1.1" 302 -
192.168.140.17 - - [30/May/2022:10:14:18 +0900] "GET /na/ HTTP/1.1" 200 16083
192.168.140.17 - - [30/May/2022:10:14:20 +0900] "GET /na/ HTTP/1.1" 200 16083
0:0:0:0:0:0:0:1 - - [30/May/2022:10:14:21 +0900] "GET /na HTTP/1.1" 302 -
0:0:0:0:0:0:0:1 - - [30/May/2022:10:14:21 +0900] "GET /na/ HTTP/1.1" 200 16083
192.168.140.17 - - [30/May/2022:10:14:23 +0900] "GET /na/list.mg?currentPage=1 HTTP/1.1" 200 26812
0:0:0:0:0:0:0:1 - - [30/May/2022:10:14:26 +0900] "GET /na/beforeLog.me HTTP/1.1" 200 27305
192.168.140.17 - - [30/May/2022:10:14:28 +0900] "GET /na/list.mg?currentPage=4 HTTP/1.1" 200 26935
192.168.140.16 - - [30/May/2022:10:14:29 +0900] "POST /na/login.me HTTP/1.1" 302 -
192.168.140.16 - - [30/May/2022:10:14:29 +0900] "GET /na/proManageList.pr?currentPage=1 HTTP/1.1" 200 27312
0:0:0:0:0:0:0:1 - - [30/May/2022:10:14:31 +0900] "GET /na HTTP/1.1" 302 -
0:0:0:0:0:0:0:1 - - [30/May/2022:10:14:31 +0900] "GET /na/ HTTP/1.1" 200 16083
192.168.140.17 - - [30/May/2022:10:14:34 +0900] "GET /na/beforeLog.me HTTP/1.1" 200 27305
0:0:0:0:0:0:0:1 - - [30/May/2022:10:14:34 +0900] "GET /na/beforeLog.me HTTP/1.1" 200 27305
192.168.140.17 - - [30/May/2022:10:14:35 +0900] "GET /na/list.mg?currentPage=1 HTTP/1.1" 200 26812
192.168.140.17 - - [30/May/2022:10:14:37 +0900] "GET /na/beforeLog.me HTTP/1.1" 200 27305
192.168.140.14 - - [30/May/2022:10:14:38 +0900] "GET /na/proList.pr?currentPage=1 HTTP/1.1" 200 32124
192.168.140.14 - - [30/May/2022:10:14:43 +0900] "GET /na/proSearch2.pr?currentPage=1&s1=%EC%8B%9C%EB%A0%A5%EA%B0%9C%EC%84%A0&s2=1 HTTP/1.1" 200 29990
0:0:0:0:0:0:0:1 - - [30/May/2022:10:14:43 +0900] "GET /na HTTP/1.1" 302 -
0:0:0:0:0:0:0:1 - - [30/May/2022:10:14:43 +0900] "GET /na/ HTTP/1.1" 200 16083
192.168.140.17 - - [30/May/2022:10:14:46 +0900] "POST /na/login.me HTTP/1.1" 302 -
192.168.140.17 - - [30/May/2022:10:14:46 +0900] "GET /na/proManageList.pr?currentPage=1 HTTP/1.1" 200 27312
192.168.140.17 - - [30/May/2022:10:14:51 +0900] "GET /na/adminlist.mg?currentPage=1 HTTP/1.1" 200 25669
192.168.140.14 - - [30/May/2022:10:14:51 +0900] "GET /na/proDetail.pr?pno=11 HTTP/1.1" 200 22826
192.168.140.14 - - [30/May/2022:10:14:53 +0900] "POST /na/beforMycart.ca HTTP/1.1" 200 27139
192.168.140.17 - - [30/May/2022:10:14:55 +0900] "GET /na/adminlist.mg?keyword=null&currentPage=3 HTTP/1.1" 200 25820
0:0:0:0:0:0:0:1 - - [30/May/2022:10:14:57 +0900] "GET /na/list.mg?currentPage=1 HTTP/1.1" 200 26812
192.168.140.17 - - [30/May/2022:10:15:00 +0900] "GET /na/adminDetail.mg?mno=87 HTTP/1.1" 200 22339
192.168.140.14 - - [30/May/2022:10:15:00 +0900] "GET /na/proList.pr?currentPage=1 HTTP/1.1" 200 32124
0:0:0:0:0:0:0:1 - - [30/May/2022:10:15:01 +0900] "GET /na/list2.mg?currentPage=1 HTTP/1.1" 200 26826
192.168.140.14 - - [30/May/2022:10:15:02 +0900] "GET /na/proDetail.pr?pno=12 HTTP/1.1" 200 21821
192.168.140.14 - - [30/May/2022:10:15:03 +0900] "POST /na/beforMycart.ca HTTP/1.1" 200 28066
0:0:0:0:0:0:0:1 - - [30/May/2022:10:15:04 +0900] "GET /na/list.mg?currentPage=1 HTTP/1.1" 200 26812
192.168.140.17 - - [30/May/2022:10:15:06 +0900] "GET /na/adminlist.mg?currentPage=1 HTTP/1.1" 200 25669
192.168.140.14 - - [30/May/2022:10:15:10 +0900] "GET /na/purbefor.pu?cartNo=6/7 HTTP/1.1" 200 26932
0:0:0:0:0:0:0:1 - - [30/May/2022:10:15:10 +0900] "GET /na/list2.mg?currentPage=1 HTTP/1.1" 200 26826
192.168.140.17 - - [30/May/2022:10:15:14 +0900] "GET /na/adminlist.mg?currentPage=1 HTTP/1.1" 200 25669
0:0:0:0:0:0:0:1 - - [30/May/2022:10:15:15 +0900] "GET /na/list.mg?currentPage=1 HTTP/1.1" 200 26812
192.168.140.17 - - [30/May/2022:10:15:17 +0900] "GET /na/adminlist.mg?currentPage=1 HTTP/1.1" 200 25669
0:0:0:0:0:0:0:1 - - [30/May/2022:10:15:18 +0900] "GET /na/list2.mg?currentPage=1 HTTP/1.1" 200 26826
192.168.140.14 - - [30/May/2022:10:15:18 +0900] "POST /na/purcahse.pu HTTP/1.1" 200 3065
192.168.140.17 - - [30/May/2022:10:15:20 +0900] "GET /na/adminDetail.mg?mno=115 HTTP/1.1" 200 21762
